CURATED yttools.co EVAL: 24 captioned videos (skipped 39 without)

  [ 1/24] dQw4w9WgXcQ  OK         2116c   2.0s (1 try)  [attempt=1+n_segments=61]
  [ 2/24] jNQXAC9IVRw  OK          244c   0.3s (1 try)  [attempt=1+n_segments=6]
  [ 3/24] fJ9rUzIMcZQ  EMPTY      1826c   0.3s (1 try)  [attempt=1+n_segments=65]
  [ 4/24] 9bZkp7q19f0  EMPTY       681c   0.2s (1 try)  [attempt=1+n_segments=67]
  [ 5/24] kJQP7kiw5Fk  EMPTY      3017c   0.3s (1 try)  [attempt=1+n_segments=90]
  [ 6/24] JGwWNGJdvx8  OK         3470c   0.3s (1 try)  [attempt=1+n_segments=92]
  [ 7/24] RgKAFK5djSk  OK         2747c   0.3s (1 try)  [attempt=1+n_segments=79]
  [ 8/24] OPf0YbXqDm0  OK         3700c   0.3s (1 try)  [attempt=1+n_segments=140]
  [ 9/24] CevxZvSJLk8  OK         1644c   0.2s (1 try)  [attempt=1+n_segments=31]
  [10/24] YQHsXMglC9A  OK         1698c   0.4s (1 try)  [attempt=1+n_segments=70]
  [11/24] hT_nvWreIhg  OK         3278c   0.2s (1 try)  [attempt=1+n_segments=83]
  [12/24] uelHwf8o7_U  OK         3974c   0.4s (1 try)  [attempt=1+n_segments=95]
  [13/24] hLQl3WQQoQ0  OK         1805c   0.3s (1 try)  [attempt=1+n_segments=62]
  [14/24] 8jPQjjsBbIc  EMPTY     10119c   0.4s (1 try)  [attempt=1+n_segments=261]
  [15/24] UF8uR6Z6KLc  EMPTY     10274c   0.4s (1 try)  [attempt=1+n_segments=161]
  [16/24] iONDebHX9qk  OK        15872c   0.4s (1 try)  [attempt=1+n_segments=464]
  [17/24] rrkrvAUbU9Y  EMPTY     13187c   0.5s (1 try)  [attempt=1+n_segments=409]
  [18/24] qp0HIF3SfI4  OK        19242c   0.5s (1 try)  [attempt=1+n_segments=441]
  [19/24] iCvmsMzlF7o  OK        18381c   0.6s (1 try)  [attempt=1+n_segments=475]
  [20/24] zSgiXGELjbc  EMPTY      1521c   0.3s (1 try)  [attempt=1+n_segments=58]
  [21/24] WUvTyaaNkzM  EMPTY     12145c   0.9s (1 try)  [attempt=1+n_segments=192]
  [22/24] wupToqz1e2g  OK         2263c   0.3s (1 try)  [attempt=1+n_segments=68]
  [23/24] HluANRwPyNo  EMPTY        30c   0.2s (1 try)  [attempt=1+n_segments=1]
  [24/24] y6120QOlsfU  OK          114c   0.2s (1 try)  [attempt=1+n_segments=17]

======================================================================
CURATED yttools.co: 15/24 OK (62.5%)  empty=9 err=0  avg 0.4s/video
  avg 8889 chars per OK transcript  |  first OK: dQw4w9WgXcQ
  Grade: B  good
======================================================================

Wrote /workspace/3d57b72e-f0e8-47c9-9767-93096beb666b/sessions/agent_4a9da631-194d-48fc-bcd7-224ce776ca3e/repos/results/yttools_curated.json
