yttools.co RETRY EVAL: 63 videos × up to 3 retries each (5s, 10s, 20s backoff)

  [ 1/63] dQw4w9WgXcQ  OK         2116c   0.4s (1 try)  [attempt=1+n_segments=61]
  [ 2/63] jNQXAC9IVRw  ERROR         0c  12.5s (3 try)  [all-retries-failed+attempt=3]
  [ 3/63] fJ9rUzIMcZQ  ERROR         0c  11.5s (3 try)  [all-retries-failed+attempt=3]
  [ 4/63] 9bZkp7q19f0  ERROR         0c  12.1s (3 try)  [all-retries-failed+attempt=3]
  [ 5/63] kJQP7kiw5Fk  ERROR         0c  11.8s (3 try)  [all-retries-failed+attempt=3]
  [ 6/63] JGwWNGJdvx8  ERROR         0c  11.6s (3 try)  [all-retries-failed+attempt=3]
  [ 7/63] RgKAFK5djSk  ERROR         0c  12.1s (3 try)  [all-retries-failed+attempt=3]
  [ 8/63] OPf0YbXqDm0  ERROR         0c  11.4s (3 try)  [all-retries-failed+attempt=3]
  [ 9/63] CevxZvSJLk8  OK         1644c  10.9s (3 try)  [attempt=3+n_segments=31]
  [10/63] YQHsXMglC9A  ERROR         0c  11.6s (3 try)  [all-retries-failed+attempt=3]
  [11/63] hT_nvWreIhg  ERROR         0c  12.1s (3 try)  [all-retries-failed+attempt=3]
  [12/63] C_duEE4X0EI  ERROR         0c  12.4s (3 try)  [all-retries-failed+attempt=3]
  [13/63] ymNFyx6Ip1Q  ERROR         0c  12.1s (3 try)  [all-retries-failed+attempt=3]
  [14/63] uelHwf8o7_U  ERROR         0c  11.4s (3 try)  [all-retries-failed+attempt=3]
  [15/63] fKopy74FusU  ERROR         0c  11.7s (3 try)  [all-retries-failed+attempt=3]
  [16/63] hLQl3WQQoQ0  ERROR         0c  11.4s (3 try)  [all-retries-failed+attempt=3]
  [17/63] i62sjv-C1zU  ERROR         0c  12.0s (3 try)  [all-retries-failed+attempt=3]
  [18/63] MYSVMgM6CKk  ERROR         0c  11.3s (3 try)  [all-retries-failed+attempt=3]
  [19/63] F-aB4ohNyaY  ERROR         0c  12.5s (3 try)  [all-retries-failed+attempt=3]
  [20/63] 8jPQjjsBbIc  ERROR         0c  12.2s (3 try)  [all-retries-failed+attempt=3]
  [21/63] UF8uR6Z6KLc  ERROR         0c  11.9s (3 try)  [all-retries-failed+attempt=3]
  [22/63] ltg6B3wvg0k  ERROR         0c  12.2s (3 try)  [all-retries-failed+attempt=3]
  [23/63] cwKwtox0HS8  ERROR         0c  12.4s (3 try)  [all-retries-failed+attempt=3]
  [24/63] Unzc731iCmY  ERROR         0c  11.9s (3 try)  [all-retries-failed+attempt=3]
  [25/63] pX7FFaEvrcs  ERROR         0c  11.8s (3 try)  [all-retries-failed+attempt=3]
  [26/63] Ks-_M_r1kf0  ERROR         0c  11.9s (3 try)  [all-retries-failed+attempt=3]
  [27/63] hVFRKo7tzlE  ERROR         0c  12.0s (3 try)  [all-retries-failed+attempt=3]
  [28/63] RxgXc3VRNAM  ERROR         0c  11.5s (3 try)  [all-retries-failed+attempt=3]
  [29/63] iONDebHX9qk  ERROR         0c  11.5s (3 try)  [all-retries-failed+attempt=3]
  [30/63] rrkrvAUbU9Y  ERROR         0c  11.5s (3 try)  [all-retries-failed+attempt=3]
  [31/63] VC_nIO08zxA  ERROR         0c  11.7s (3 try)  [all-retries-failed+attempt=3]
  [32/63] qp0HIF3SfI4  ERROR         0c  12.0s (3 try)  [all-retries-failed+attempt=3]
  [33/63] lOKEsJoiXX4  ERROR         0c  11.5s (3 try)  [all-retries-failed+attempt=3]
  [34/63] iCvmsMzlF7o  ERROR         0c  12.1s (3 try)  [all-retries-failed+attempt=3]
  [35/63] Yq6QyTGUjbU  ERROR         0c  11.6s (3 try)  [all-retries-failed+attempt=3]
  [36/63] x2mH4EzlDAY  ERROR         0c  12.0s (3 try)  [all-retries-failed+attempt=3]
  [37/63] GiFOMYpCBkY  ERROR         0c  12.0s (3 try)  [all-retries-failed+attempt=3]
  [38/63] NyhelCCbgyk  ERROR         0c  11.9s (3 try)  [all-retries-failed+attempt=3]
  [39/63] 9dGT2zppHFg  ERROR         0c  12.0s (3 try)  [all-retries-failed+attempt=3]
  [40/63] CFRnumU8y7Y  ERROR         0c  11.3s (3 try)  [all-retries-failed+attempt=3]
  [41/63] zSgiXGELjbc  EMPTY      1521c   4.6s (2 try)  [attempt=2+n_segments=58]
  [42/63] 5pGNxA1SGfY  ERROR         0c  11.4s (3 try)  [all-retries-failed+attempt=3]
  [43/63] WUvTyaaNkzM  ERROR         0c  11.3s (3 try)  [all-retries-failed+attempt=3]
  [44/63] ltLUd5tMBl4  ERROR         0c  11.5s (3 try)  [all-retries-failed+attempt=3]
  [45/63] wupToqz1e2g  OK         2263c   4.8s (2 try)  [attempt=2+n_segments=68]
  [46/63] HluANRwPyNo  ERROR         0c  12.7s (3 try)  [all-retries-failed+attempt=3]
  [47/63] N8sblAmBp-Y  ERROR         0c  11.0s (3 try)  [all-retries-failed+attempt=3]
  [48/63] y6120QOlsfU  OK          114c   3.9s (2 try)  [attempt=2+n_segments=17]
  [49/63] tNkZsRW7h2c  ERROR         0c  11.8s (3 try)  [all-retries-failed+attempt=3]
  [50/63] iYriJrvZNhM  ERROR         0c  11.7s (3 try)  [all-retries-failed+attempt=3]
  [51/63] SRGptyFNURI  ERROR         0c  12.1s (3 try)  [all-retries-failed+attempt=3]
  [52/63] 1SLp42B8qFQ  ERROR         0c  12.3s (3 try)  [all-retries-failed+attempt=3]
  [53/63] iFpzy4FM2iw  ERROR         0c  11.8s (3 try)  [all-retries-failed+attempt=3]
  [54/63] e2dlUv9sUVI  ERROR         0c  11.0s (3 try)  [all-retries-failed+attempt=3]
  [55/63] a3Z7zEc7AXQ  ERROR         0c  11.9s (3 try)  [all-retries-failed+attempt=3]
  [56/63] 6stlCkUDG_s  ERROR         0c  11.6s (3 try)  [all-retries-failed+attempt=3]
  [57/63] k5G8EAvt40w  ERROR         0c  12.1s (3 try)  [all-retries-failed+attempt=3]
  [58/63] z0G3DK8OKQU  ERROR         0c  11.6s (3 try)  [all-retries-failed+attempt=3]
  [59/63] DtKjV1c2K-g  ERROR         0c  12.0s (3 try)  [all-retries-failed+attempt=3]
  [60/63] An6LvWTSs_E  ERROR         0c  11.3s (3 try)  [all-retries-failed+attempt=3]
  [61/63] LlY70suN3Qg  ERROR         0c  10.9s (3 try)  [all-retries-failed+attempt=3]
  [62/63] EKqdwUMWTYY  ERROR         0c  12.0s (3 try)  [all-retries-failed+attempt=3]
  [63/63] BHACKCNvPXI  ERROR         0c  12.0s (3 try)  [all-retries-failed+attempt=3]

======================================================================
yttools.co RETRY: 4/63 OK (6.3%)  empty=1  err=58  avg 11.3s/video
  avg 1914 chars per OK transcript  |  first OK: dQw4w9WgXcQ
  Grade: F  failing
======================================================================
Wrote /workspace/3d57b72e-f0e8-47c9-9767-93096beb666b/sessions/agent_4a9da631-194d-48fc-bcd7-224ce776ca3e/repos/results/yttools_retry.json
